[2026-09-21 11:11:32] production.ERROR: GuzzleHttp\Exception\ConnectException: cURL error 28: Operation timed out after 50023 milliseconds with 0 bytes received (see https://curl.haxx.se/libcurl/c/libcurl-errors.html) for http://192.0.2.10:3000/api/v1/medical-records/results/generate in /usr/share/nginx/html/portal-seemedik-api/vendor/guzzlehttp/guzzle/src/Handler/CurlFactory.php:277
Stack trace:
#0 /usr/share/nginx/html/portal-seemedik-api/vendor/guzzlehttp/guzzle/src/Handler/CurlFactory.php(207): GuzzleHttp\Handler\CurlFactory::createRejection()
#1 /usr/share/nginx/html/portal-seemedik-api/vendor/guzzlehttp/guzzle/src/Handler/CurlFactory.php(159): GuzzleHttp\Handler\CurlFactory::finishError()
#2 /usr/share/nginx/html/portal-seemedik-api/vendor/guzzlehttp/guzzle/src/Handler/CurlHandler.php(47): GuzzleHttp\Handler\CurlFactory::finish()
#3 /usr/share/nginx/html/portal-seemedik-api/vendor/guzzlehttp/guzzle/src/Handler/Proxy.php(28): GuzzleHttp\Handler\CurlHandler->__invoke()
#4 /usr/share/nginx/html/portal-seemedik-api/vendor/guzzlehttp/guzzle/src/Handler/Proxy.php(48): GuzzleHttp\Handler\Proxy::GuzzleHttp\Handler\{closure}()
#5 /usr/share/nginx/html/portal-seemedik-api/vendor/laravel/framework/src/Illuminate/Http/Client/PendingRequest.php(1150): GuzzleHttp\Handler\Proxy::GuzzleHttp\Handler\{closure}()
#6 /usr/share/nginx/html/portal-seemedik-api/vendor/laravel/framework/src/Illuminate/Http/Client/PendingRequest.php(1116): Illuminate\Http\Client\PendingRequest->Illuminate\Http\Client\{closure}()
#7 /usr/share/nginx/html/portal-seemedik-api/vendor/laravel/framework/src/Illuminate/Http/Client/PendingRequest.php(1102): Illuminate\Http\Client\PendingRequest->Illuminate\Http\Client\{closure}()
#8 /usr/share/nginx/html/portal-seemedik-api/vendor/guzzlehttp/guzzle/src/Client.php(333): GuzzleHttp\HandlerStack->__invoke()
#9 /usr/share/nginx/html/portal-seemedik-api/vendor/laravel/framework/src/Illuminate/Http/Client/PendingRequest.php(961): GuzzleHttp\Client->request()
#10 /usr/share/nginx/html/portal-seemedik-api/vendor/laravel/framework/src/Illuminate/Http/Client/PendingRequest.php(823): Illuminate\Http\Client\PendingRequest->sendRequest()
#11 /usr/share/nginx/html/portal-seemedik-api/vendor/laravel/framework/src/Illuminate/Support/helpers.php(260): Illuminate\Http\Client\PendingRequest->Illuminate\Http\Client\{closure}()
#12 /usr/share/nginx/html/portal-seemedik-api/vendor/laravel/framework/src/Illuminate/Http/Client/PendingRequest.php(821): retry()
#13 /usr/share/nginx/html/portal-seemedik-api/vendor/laravel/framework/src/Illuminate/Http/Client/PendingRequest.php(727): Illuminate\Http\Client\PendingRequest->send()
#14 /usr/share/nginx/html/portal-seemedik-api/app/Services/MedicalRecords/Mcu/PrintMedicalRecordMcuService.php(1326): Illuminate\Http\Client\PendingRequest->post('http://192.0.2.10:30...', Array)
#15 /usr/share/nginx/html/portal-seemedik-api/app/Services/MedicalRecords/Mcu/PrintMedicalRecordMcuService.php(1399): App\Services\MedicalRecords\Mcu\PrintMedicalRecordMcuService->generatePdfServer()
#16 /usr/share/nginx/html/portal-seemedik-api/app/Http/Controllers/Api/MedicalRecords/Mcu/PrintMedicalRecordMcuController.php(54): App\Services\MedicalRecords\Mcu\PrintMedicalRecordMcuService->previewResultMedicalRecord()
#17 /usr/share/nginx/html/portal-seemedik-api/vendor/laravel/framework/src/Illuminate/Routing/Controller.php(54): App\Http\Controllers\Api\MedicalRecords\Mcu\PrintMedicalRecordMcuController->__invoke()
#18 /usr/share/nginx/html/portal-seemedik-api/vendor/laravel/framework/src/Illuminate/Routing/ControllerDispatcher.php(43): Illuminate\Routing\Controller->callAction()
#19 /usr/share/nginx/html/portal-seemedik-api/vendor/laravel/framework/src/Illuminate/Routing/Route.php(259): Illuminate\Routing\ControllerDispatcher->dispatch()
#20 /usr/share/nginx/html/portal-seemedik-api/vendor/laravel/framework/src/Illuminate/Routing/Route.php(205): Illuminate\Routing\Route->runController()
#21 /usr/share/nginx/html/portal-seemedik-api/vendor/laravel/framework/src/Illuminate/Routing/Router.php(798): Illuminate\Routing\Route->run()
#22 /usr/share/nginx/html/portal-seemedik-api/vendor/laravel/framework/src/Illuminate/Pipeline/Pipeline.php(141): Illuminate\Routing\Router->Illuminate\Routing\{closure}()
#23 /usr/share/nginx/html/portal-seemedik-api/app/Http/Middleware/PermissionMiddleware.php(36): Illuminate\Pipeline\Pipeline->Illuminate\Pipeline\{closure}()
#24 /usr/share/nginx/html/portal-seemedik-api/vendor/laravel/framework/src/Illuminate/Pipeline/Pipeline.php(180): App\Http\Middleware\PermissionMiddleware->handle()
#25 /usr/share/nginx/html/portal-seemedik-api/app/Http/Middleware/VerifyTokenMiddleware.php(97): Illuminate\Pipeline\Pipeline->Illuminate\Pipeline\{closure}()
#26 /usr/share/nginx/html/portal-seemedik-api/vendor/laravel/framework/src/Illuminate/Pipeline/Pipeline.php(180): App\Http\Middleware\VerifyTokenMiddleware->handle()
#27 /usr/share/nginx/html/portal-seemedik-api/vendor/laravel/framework/src/Illuminate/Routing/Middleware/SubstituteBindings.php(50): Illuminate\Pipeline\Pipeline->Illuminate\Pipeline\{closure}()
#28 /usr/share/nginx/html/portal-seemedik-api/vendor/laravel/framework/src/Illuminate/Pipeline/Pipeline.php(180): Illuminate\Routing\Middleware\SubstituteBindings->handle()
#29 /usr/share/nginx/html/portal-seemedik-api/vendor/laravel/framework/src/Illuminate/Pipeline/Pipeline.php(116): Illuminate\Pipeline\Pipeline->Illuminate\Pipeline\{closure}()
#30 /usr/share/nginx/html/portal-seemedik-api/vendor/laravel/framework/src/Illuminate/Routing/Router.php(797): Illuminate\Pipeline\Pipeline->then()
#31 /usr/share/nginx/html/portal-seemedik-api/vendor/laravel/framework/src/Illuminate/Routing/Router.php(776): Illuminate\Routing\Router->runRouteWithinStack()
#32 /usr/share/nginx/html/portal-seemedik-api/vendor/laravel/framework/src/Illuminate/Routing/Router.php(740): Illuminate\Routing\Router->runRoute()
#33 /usr/share/nginx/html/portal-seemedik-api/vendor/laravel/framework/src/Illuminate/Routing/Router.php(729): Illuminate\Routing\Router->dispatchToRoute()
#34 /usr/share/nginx/html/portal-seemedik-api/vendor/laravel/framework/src/Illuminate/Foundation/Http/Kernel.php(190): Illuminate\Routing\Router->dispatch()
#35 /usr/share/nginx/html/portal-seemedik-api/vendor/laravel/framework/src/Illuminate/Pipeline/Pipeline.php(141): Illuminate\Foundation\Http\Kernel->Illuminate\Foundation\Http\{closure}()
#36 /usr/share/nginx/html/portal-seemedik-api/vendor/laravel/framework/src/Illuminate/Foundation/Http/Middleware/TransformsRequest.php(21): Illuminate\Pipeline\Pipeline->Illuminate\Pipeline\{closure}()
#37 /usr/share/nginx/html/portal-seemedik-api/vendor/laravel/framework/src/Illuminate/Foundation/Http/Middleware/ConvertEmptyStringsToNull.php(31): Illuminate\Foundation\Http\Middleware\TransformsRequest->handle()
#38 /usr/share/nginx/html/portal-seemedik-api/vendor/laravel/framework/src/Illuminate/Pipeline/Pipeline.php(180): Illuminate\Foundation\Http\Middleware\ConvertEmptyStringsToNull->handle()
#39 /usr/share/nginx/html/portal-seemedik-api/vendor/laravel/framework/src/Illuminate/Foundation/Http/Middleware/TrimStrings.php(40): Illuminate\Foundation\Http\Middleware\TransformsRequest->handle()
#40 /usr/share/nginx/html/portal-seemedik-api/vendor/laravel/framework/src/Illuminate/Pipeline/Pipeline.php(180): Illuminate\Foundation\Http\Middleware\TrimStrings->handle()
#41 /usr/share/nginx/html/portal-seemedik-api/vendor/laravel/framework/src/Illuminate/Foundation/Http/Middleware/ValidatePostSize.php(27): Illuminate\Pipeline\Pipeline->Illuminate\Pipeline\{closure}()
#42 /usr/share/nginx/html/portal-seemedik-api/vendor/laravel/framework/src/Illuminate/Pipeline/Pipeline.php(180): Illuminate\Foundation\Http\Middleware\ValidatePostSize->handle()
#43 /usr/share/nginx/html/portal-seemedik-api/vendor/laravel/framework/src/Illuminate/Http/Middleware/HandleCors.php(62): Illuminate\Pipeline\Pipeline->Illuminate\Pipeline\{closure}()
#44 /usr/share/nginx/html/portal-seemedik-api/vendor/laravel/framework/src/Illuminate/Pipeline/Pipeline.php(180): Illuminate\Http\Middleware\HandleCors->handle()
#45 /usr/share/nginx/html/portal-seemedik-api/vendor/laravel/framework/src/Illuminate/Pipeline/Pipeline.php(116): Illuminate\Pipeline\Pipeline->Illuminate\Pipeline\{closure}()
#46 /usr/share/nginx/html/portal-seemedik-api/vendor/laravel/framework/src/Illuminate/Foundation/Http/Kernel.php(165): Illuminate\Pipeline\Pipeline->then()
#47 /usr/share/nginx/html/portal-seemedik-api/vendor/laravel/framework/src/Illuminate/Foundation/Http/Kernel.php(134): Illuminate\Foundation\Http\Kernel->sendRequestThroughRouter()
#48 /usr/share/nginx/html/portal-seemedik-api/public/index.php(51): Illuminate\Foundation\Http\Kernel->handle()
#49 {main}

Next Illuminate\Http\Client\ConnectionException: cURL error 28: Operation timed out after 50023 milliseconds with 0 bytes received (see https://curl.haxx.se/libcurl/c/libcurl-errors.html) for http://192.0.2.10:3000/api/v1/medical-records/results/generate in /usr/share/nginx/html/portal-seemedik-api/vendor/laravel/framework/src/Illuminate/Http/Client/PendingRequest.php:855
Stack trace:
#0 /usr/share/nginx/html/portal-seemedik-api/vendor/laravel/framework/src/Illuminate/Support/helpers.php(260): Illuminate\Http\Client\PendingRequest->Illuminate\Http\Client\{closure}()
#1 /usr/share/nginx/html/portal-seemedik-api/vendor/laravel/framework/src/Illuminate/Http/Client/PendingRequest.php(821): retry()
#2 /usr/share/nginx/html/portal-seemedik-api/vendor/laravel/framework/src/Illuminate/Http/Client/PendingRequest.php(727): Illuminate\Http\Client\PendingRequest->send()
#3 /usr/share/nginx/html/portal-seemedik-api/app/Services/MedicalRecords/Mcu/PrintMedicalRecordMcuService.php(1326): Illuminate\Http\Client\PendingRequest->post('http://192.0.2.10:30...', Array)
#4 /usr/share/nginx/html/portal-seemedik-api/app/Services/MedicalRecords/Mcu/PrintMedicalRecordMcuService.php(1399): App\Services\MedicalRecords\Mcu\PrintMedicalRecordMcuService->generatePdfServer()
#5 /usr/share/nginx/html/portal-seemedik-api/app/Http/Controllers/Api/MedicalRecords/Mcu/PrintMedicalRecordMcuController.php(54): App\Services\MedicalRecords\Mcu\PrintMedicalRecordMcuService->previewResultMedicalRecord()
#6 /usr/share/nginx/html/portal-seemedik-api/vendor/laravel/framework/src/Illuminate/Routing/Controller.php(54): App\Http\Controllers\Api\MedicalRecords\Mcu\PrintMedicalRecordMcuController->__invoke()
#7 /usr/share/nginx/html/portal-seemedik-api/vendor/laravel/framework/src/Illuminate/Routing/ControllerDispatcher.php(43): Illuminate\Routing\Controller->callAction()
#8 /usr/share/nginx/html/portal-seemedik-api/vendor/laravel/framework/src/Illuminate/Routing/Route.php(259): Illuminate\Routing\ControllerDispatcher->dispatch()
#9 /usr/share/nginx/html/portal-seemedik-api/vendor/laravel/framework/src/Illuminate/Routing/Route.php(205): Illuminate\Routing\Route->runController()
#10 /usr/share/nginx/html/portal-seemedik-api/vendor/laravel/framework/src/Illuminate/Routing/Router.php(798): Illuminate\Routing\Route->run()
#11 /usr/share/nginx/html/portal-seemedik-api/vendor/laravel/framework/src/Illuminate/Pipeline/Pipeline.php(141): Illuminate\Routing\Router->Illuminate\Routing\{closure}()
#12 /usr/share/nginx/html/portal-seemedik-api/app/Http/Middleware/PermissionMiddleware.php(36): Illuminate\Pipeline\Pipeline->Illuminate\Pipeline\{closure}()
#13 /usr/share/nginx/html/portal-seemedik-api/vendor/laravel/framework/src/Illuminate/Pipeline/Pipeline.php(180): App\Http\Middleware\PermissionMiddleware->handle()
#14 /usr/share/nginx/html/portal-seemedik-api/app/Http/Middleware/VerifyTokenMiddleware.php(97): Illuminate\Pipeline\Pipeline->Illuminate\Pipeline\{closure}()
#15 /usr/share/nginx/html/portal-seemedik-api/vendor/laravel/framework/src/Illuminate/Pipeline/Pipeline.php(180): App\Http\Middleware\VerifyTokenMiddleware->handle()
#16 /usr/share/nginx/html/portal-seemedik-api/vendor/laravel/framework/src/Illuminate/Routing/Middleware/SubstituteBindings.php(50): Illuminate\Pipeline\Pipeline->Illuminate\Pipeline\{closure}()
#17 /usr/share/nginx/html/portal-seemedik-api/vendor/laravel/framework/src/Illuminate/Pipeline/Pipeline.php(180): Illuminate\Routing\Middleware\SubstituteBindings->handle()
#18 /usr/share/nginx/html/portal-seemedik-api/vendor/laravel/framework/src/Illuminate/Pipeline/Pipeline.php(116): Illuminate\Pipeline\Pipeline->Illuminate\Pipeline\{closure}()
#19 /usr/share/nginx/html/portal-seemedik-api/vendor/laravel/framework/src/Illuminate/Routing/Router.php(797): Illuminate\Pipeline\Pipeline->then()
#20 /usr/share/nginx/html/portal-seemedik-api/vendor/laravel/framework/src/Illuminate/Routing/Router.php(776): Illuminate\Routing\Router->runRouteWithinStack()
#21 /usr/share/nginx/html/portal-seemedik-api/vendor/laravel/framework/src/Illuminate/Routing/Router.php(740): Illuminate\Routing\Router->runRoute()
#22 /usr/share/nginx/html/portal-seemedik-api/vendor/laravel/framework/src/Illuminate/Routing/Router.php(729): Illuminate\Routing\Router->dispatchToRoute()
#23 /usr/share/nginx/html/portal-seemedik-api/vendor/laravel/framework/src/Illuminate/Foundation/Http/Kernel.php(190): Illuminate\Routing\Router->dispatch()
#24 /usr/share/nginx/html/portal-seemedik-api/vendor/laravel/framework/src/Illuminate/Pipeline/Pipeline.php(141): Illuminate\Foundation\Http\Kernel->Illuminate\Foundation\Http\{closure}()
#25 /usr/share/nginx/html/portal-seemedik-api/vendor/laravel/framework/src/Illuminate/Foundation/Http/Middleware/TransformsRequest.php(21): Illuminate\Pipeline\Pipeline->Illuminate\Pipeline\{closure}()
#26 /usr/share/nginx/html/portal-seemedik-api/vendor/laravel/framework/src/Illuminate/Foundation/Http/Middleware/ConvertEmptyStringsToNull.php(31): Illuminate\Foundation\Http\Middleware\TransformsRequest->handle()
#27 /usr/share/nginx/html/portal-seemedik-api/vendor/laravel/framework/src/Illuminate/Pipeline/Pipeline.php(180): Illuminate\Foundation\Http\Middleware\ConvertEmptyStringsToNull->handle()
#28 /usr/share/nginx/html/portal-seemedik-api/vendor/laravel/framework/src/Illuminate/Foundation/Http/Middleware/TrimStrings.php(40): Illuminate\Foundation\Http\Middleware\TransformsRequest->handle()
#29 /usr/share/nginx/html/portal-seemedik-api/vendor/laravel/framework/src/Illuminate/Pipeline/Pipeline.php(180): Illuminate\Foundation\Http\Middleware\TrimStrings->handle()
#30 /usr/share/nginx/html/portal-seemedik-api/vendor/laravel/framework/src/Illuminate/Foundation/Http/Middleware/ValidatePostSize.php(27): Illuminate\Pipeline\Pipeline->Illuminate\Pipeline\{closure}()
#31 /usr/share/nginx/html/portal-seemedik-api/vendor/laravel/framework/src/Illuminate/Pipeline/Pipeline.php(180): Illuminate\Foundation\Http\Middleware\ValidatePostSize->handle()
#32 /usr/share/nginx/html/portal-seemedik-api/vendor/laravel/framework/src/Illuminate/Http/Middleware/HandleCors.php(62): Illuminate\Pipeline\Pipeline->Illuminate\Pipeline\{closure}()
#33 /usr/share/nginx/html/portal-seemedik-api/vendor/laravel/framework/src/Illuminate/Pipeline/Pipeline.php(180): Illuminate\Http\Middleware\HandleCors->handle()
#34 /usr/share/nginx/html/portal-seemedik-api/vendor/laravel/framework/src/Illuminate/Pipeline/Pipeline.php(116): Illuminate\Pipeline\Pipeline->Illuminate\Pipeline\{closure}()
#35 /usr/share/nginx/html/portal-seemedik-api/vendor/laravel/framework/src/Illuminate/Foundation/Http/Kernel.php(165): Illuminate\Pipeline\Pipeline->then()
#36 /usr/share/nginx/html/portal-seemedik-api/vendor/laravel/framework/src/Illuminate/Foundation/Http/Kernel.php(134): Illuminate\Foundation\Http\Kernel->sendRequestThroughRouter()
#37 /usr/share/nginx/html/portal-seemedik-api/public/index.php(51): Illuminate\Foundation\Http\Kernel->handle()
#38 {main}  
[2026-09-21 11:11:32] production.ERROR: Exception: Failed to Print Data in /usr/share/nginx/html/portal-seemedik-api/app/Services/MedicalRecords/Mcu/PrintMedicalRecordMcuService.php:1347
Stack trace:
#0 /usr/share/nginx/html/portal-seemedik-api/app/Services/MedicalRecords/Mcu/PrintMedicalRecordMcuService.php(1399): App\Services\MedicalRecords\Mcu\PrintMedicalRecordMcuService->generatePdfServer()
#1 /usr/share/nginx/html/portal-seemedik-api/app/Http/Controllers/Api/MedicalRecords/Mcu/PrintMedicalRecordMcuController.php(54): App\Services\MedicalRecords\Mcu\PrintMedicalRecordMcuService->previewResultMedicalRecord()
#2 /usr/share/nginx/html/portal-seemedik-api/vendor/laravel/framework/src/Illuminate/Routing/Controller.php(54): App\Http\Controllers\Api\MedicalRecords\Mcu\PrintMedicalRecordMcuController->__invoke()
#3 /usr/share/nginx/html/portal-seemedik-api/vendor/laravel/framework/src/Illuminate/Routing/ControllerDispatcher.php(43): Illuminate\Routing\Controller->callAction()
#4 /usr/share/nginx/html/portal-seemedik-api/vendor/laravel/framework/src/Illuminate/Routing/Route.php(259): Illuminate\Routing\ControllerDispatcher->dispatch()
#5 /usr/share/nginx/html/portal-seemedik-api/vendor/laravel/framework/src/Illuminate/Routing/Route.php(205): Illuminate\Routing\Route->runController()
#6 /usr/share/nginx/html/portal-seemedik-api/vendor/laravel/framework/src/Illuminate/Routing/Router.php(798): Illuminate\Routing\Route->run()
#7 /usr/share/nginx/html/portal-seemedik-api/vendor/laravel/framework/src/Illuminate/Pipeline/Pipeline.php(141): Illuminate\Routing\Router->Illuminate\Routing\{closure}()
#8 /usr/share/nginx/html/portal-seemedik-api/app/Http/Middleware/PermissionMiddleware.php(36): Illuminate\Pipeline\Pipeline->Illuminate\Pipeline\{closure}()
#9 /usr/share/nginx/html/portal-seemedik-api/vendor/laravel/framework/src/Illuminate/Pipeline/Pipeline.php(180): App\Http\Middleware\PermissionMiddleware->handle()
#10 /usr/share/nginx/html/portal-seemedik-api/app/Http/Middleware/VerifyTokenMiddleware.php(97): Illuminate\Pipeline\Pipeline->Illuminate\Pipeline\{closure}()
#11 /usr/share/nginx/html/portal-seemedik-api/vendor/laravel/framework/src/Illuminate/Pipeline/Pipeline.php(180): App\Http\Middleware\VerifyTokenMiddleware->handle()
#12 /usr/share/nginx/html/portal-seemedik-api/vendor/laravel/framework/src/Illuminate/Routing/Middleware/SubstituteBindings.php(50): Illuminate\Pipeline\Pipeline->Illuminate\Pipeline\{closure}()
#13 /usr/share/nginx/html/portal-seemedik-api/vendor/laravel/framework/src/Illuminate/Pipeline/Pipeline.php(180): Illuminate\Routing\Middleware\SubstituteBindings->handle()
#14 /usr/share/nginx/html/portal-seemedik-api/vendor/laravel/framework/src/Illuminate/Pipeline/Pipeline.php(116): Illuminate\Pipeline\Pipeline->Illuminate\Pipeline\{closure}()
#15 /usr/share/nginx/html/portal-seemedik-api/vendor/laravel/framework/src/Illuminate/Routing/Router.php(797): Illuminate\Pipeline\Pipeline->then()
#16 /usr/share/nginx/html/portal-seemedik-api/vendor/laravel/framework/src/Illuminate/Routing/Router.php(776): Illuminate\Routing\Router->runRouteWithinStack()
#17 /usr/share/nginx/html/portal-seemedik-api/vendor/laravel/framework/src/Illuminate/Routing/Router.php(740): Illuminate\Routing\Router->runRoute()
#18 /usr/share/nginx/html/portal-seemedik-api/vendor/laravel/framework/src/Illuminate/Routing/Router.php(729): Illuminate\Routing\Router->dispatchToRoute()
#19 /usr/share/nginx/html/portal-seemedik-api/vendor/laravel/framework/src/Illuminate/Foundation/Http/Kernel.php(190): Illuminate\Routing\Router->dispatch()
#20 /usr/share/nginx/html/portal-seemedik-api/vendor/laravel/framework/src/Illuminate/Pipeline/Pipeline.php(141): Illuminate\Foundation\Http\Kernel->Illuminate\Foundation\Http\{closure}()
#21 /usr/share/nginx/html/portal-seemedik-api/vendor/laravel/framework/src/Illuminate/Foundation/Http/Middleware/TransformsRequest.php(21): Illuminate\Pipeline\Pipeline->Illuminate\Pipeline\{closure}()
#22 /usr/share/nginx/html/portal-seemedik-api/vendor/laravel/framework/src/Illuminate/Foundation/Http/Middleware/ConvertEmptyStringsToNull.php(31): Illuminate\Foundation\Http\Middleware\TransformsRequest->handle()
#23 /usr/share/nginx/html/portal-seemedik-api/vendor/laravel/framework/src/Illuminate/Pipeline/Pipeline.php(180): Illuminate\Foundation\Http\Middleware\ConvertEmptyStringsToNull->handle()
#24 /usr/share/nginx/html/portal-seemedik-api/vendor/laravel/framework/src/Illuminate/Foundation/Http/Middleware/TrimStrings.php(40): Illuminate\Foundation\Http\Middleware\TransformsRequest->handle()
#25 /usr/share/nginx/html/portal-seemedik-api/vendor/laravel/framework/src/Illuminate/Pipeline/Pipeline.php(180): Illuminate\Foundation\Http\Middleware\TrimStrings->handle()
#26 /usr/share/nginx/html/portal-seemedik-api/vendor/laravel/framework/src/Illuminate/Foundation/Http/Middleware/ValidatePostSize.php(27): Illuminate\Pipeline\Pipeline->Illuminate\Pipeline\{closure}()
#27 /usr/share/nginx/html/portal-seemedik-api/vendor/laravel/framework/src/Illuminate/Pipeline/Pipeline.php(180): Illuminate\Foundation\Http\Middleware\ValidatePostSize->handle()
#28 /usr/share/nginx/html/portal-seemedik-api/vendor/laravel/framework/src/Illuminate/Http/Middleware/HandleCors.php(62): Illuminate\Pipeline\Pipeline->Illuminate\Pipeline\{closure}()
#29 /usr/share/nginx/html/portal-seemedik-api/vendor/laravel/framework/src/Illuminate/Pipeline/Pipeline.php(180): Illuminate\Http\Middleware\HandleCors->handle()
#30 /usr/share/nginx/html/portal-seemedik-api/vendor/laravel/framework/src/Illuminate/Pipeline/Pipeline.php(116): Illuminate\Pipeline\Pipeline->Illuminate\Pipeline\{closure}()
#31 /usr/share/nginx/html/portal-seemedik-api/vendor/laravel/framework/src/Illuminate/Foundation/Http/Kernel.php(165): Illuminate\Pipeline\Pipeline->then()
#32 /usr/share/nginx/html/portal-seemedik-api/vendor/laravel/framework/src/Illuminate/Foundation/Http/Kernel.php(134): Illuminate\Foundation\Http\Kernel->sendRequestThroughRouter()
#33 /usr/share/nginx/html/portal-seemedik-api/public/index.php(51): Illuminate\Foundation\Http\Kernel->handle()
#34 {main}  
[2026-09-21 11:16:05] production.ERROR: PDOException: SQLSTATE[23505]: Unique violation: 7 ERROR:  duplicate key value violates unique constraint "critical_parameter_results_registration_product_id_examination_"
DETAIL:  Key (registration_product_id, examination_item_id, description_detail_id, critical_category)=(00000000-0000-4000-8000-000000000001, 00000000-0000-4000-8000-000000000002, 00000000-0000-4000-8000-000000000003, URGENT) already exists. in /usr/share/nginx/html/portal-seemedik-api/vendor/laravel/framework/src/Illuminate/Database/Connection.php:545
Stack trace:
#0 /usr/share/nginx/html/portal-seemedik-api/vendor/laravel/framework/src/Illuminate/Database/Connection.php(545): PDOStatement->execute()
#1 /usr/share/nginx/html/portal-seemedik-api/vendor/laravel/framework/src/Illuminate/Database/Connection.php(753): Illuminate\Database\Connection->Illuminate\Database\{closure}()
#2 /usr/share/nginx/html/portal-seemedik-api/vendor/laravel/framework/src/Illuminate/Database/Connection.php(720): Illuminate\Database\Connection->runQueryCallback()
#3 /usr/share/nginx/html/portal-seemedik-api/vendor/laravel/framework/src/Illuminate/Database/Connection.php(534): Illuminate\Database\Connection->run()
#4 /usr/share/nginx/html/portal-seemedik-api/vendor/laravel/framework/src/Illuminate/Database/Connection.php(498): Illuminate\Database\Connection->statement()
#5 /usr/share/nginx/html/portal-seemedik-api/vendor/laravel/framework/src/Illuminate/Database/Query/Builder.php(3272): Illuminate\Database\Connection->insert()
#6 /usr/share/nginx/html/portal-seemedik-api/vendor/laravel/framework/src/Illuminate/Database/Eloquent/Builder.php(1869): Illuminate\Database\Query\Builder->insert()
#7 /usr/share/nginx/html/portal-seemedik-api/vendor/laravel/framework/src/Illuminate/Database/Eloquent/Model.php(1306): Illuminate\Database\Eloquent\Builder->__call()
#8 /usr/share/nginx/html/portal-seemedik-api/vendor/laravel/framework/src/Illuminate/Database/Eloquent/Model.php(1138): Illuminate\Database\Eloquent\Model->performInsert()
#9 /usr/share/nginx/html/portal-seemedik-api/vendor/laravel/framework/src/Illuminate/Database/Eloquent/Builder.php(986): Illuminate\Database\Eloquent\Model->save()
#10 /usr/share/nginx/html/portal-seemedik-api/vendor/laravel/framework/src/Illuminate/Support/helpers.php(319): Illuminate\Database\Eloquent\Builder->Illuminate\Database\Eloquent\{closure}()
#11 /usr/share/nginx/html/portal-seemedik-api/vendor/laravel/framework/src/Illuminate/Database/Eloquent/Builder.php(985): tap()
#12 /usr/share/nginx/html/portal-seemedik-api/vendor/laravel/framework/src/Illuminate/Support/Traits/ForwardsCalls.php(23): Illuminate\Database\Eloquent\Builder->create()
#13 /usr/share/nginx/html/portal-seemedik-api/vendor/laravel/framework/src/Illuminate/Database/Eloquent/Model.php(2330): Illuminate\Database\Eloquent\Model->forwardCallTo()
#14 /usr/share/nginx/html/portal-seemedik-api/vendor/laravel/framework/src/Illuminate/Database/Eloquent/Model.php(2342): Illuminate\Database\Eloquent\Model->__call()
#15 /usr/share/nginx/html/portal-seemedik-api/app/Repositories/CriticalParameters/CriticalParameterResultRepository.php(29): Illuminate\Database\Eloquent\Model::__callStatic()
#16 /usr/share/nginx/html/portal-seemedik-api/app/Services/MedicalRecords/BulkProcess/GenerateCriticalCases/CriticalParameterResultService.php(123): App\Repositories\CriticalParameters\CriticalParameterResultRepository->createCriticalParameterResult()
#17 /usr/share/nginx/html/portal-seemedik-api/app/Services/MedicalRecords/BulkProcess/GenerateCriticalCases/GenerateCriticalCaseService.php(245): App\Services\MedicalRecords\BulkProcess\GenerateCriticalCases\CriticalParameterResultService->storeCriticalParameterResult()
#18 /usr/share/nginx/html/portal-seemedik-api/app/Jobs/BulkProcesses/GenerateCriticalCases/GenerateCriticalCaseJob.php(69): App\Services\MedicalRecords\BulkProcess\GenerateCriticalCases\GenerateCriticalCaseService->generateCriticalCase()
#19 /usr/share/nginx/html/portal-seemedik-api/vendor/laravel/framework/src/Illuminate/Container/BoundMethod.php(36): App\Jobs\BulkProcesses\GenerateCriticalCases\GenerateCriticalCaseJob->handle()
#20 /usr/share/nginx/html/portal-seemedik-api/vendor/laravel/framework/src/Illuminate/Container/Util.php(41): Illuminate\Container\BoundMethod::Illuminate\Container\{closure}()
#21 /usr/share/nginx/html/portal-seemedik-api/vendor/laravel/framework/src/Illuminate/Container/BoundMethod.php(93): Illuminate\Container\Util::unwrapIfClosure()
#22 /usr/share/nginx/html/portal-seemedik-api/vendor/laravel/framework/src/Illuminate/Container/BoundMethod.php(35): Illuminate\Container\BoundMethod::callBoundMethod()
#23 /usr/share/nginx/html/portal-seemedik-api/vendor/laravel/framework/src/Illuminate/Container/Container.php(661): Illuminate\Container\BoundMethod::call()
#24 /usr/share/nginx/html/portal-seemedik-api/vendor/laravel/framework/src/Illuminate/Bus/Dispatcher.php(128): Illuminate\Container\Container->call()
#25 /usr/share/nginx/html/portal-seemedik-api/vendor/laravel/framework/src/Illuminate/Pipeline/Pipeline.php(141): Illuminate\Bus\Dispatcher->Illuminate\Bus\{closure}()
#26 /usr/share/nginx/html/portal-seemedik-api/vendor/laravel/framework/src/Illuminate/Pipeline/Pipeline.php(116): Illuminate\Pipeline\Pipeline->Illuminate\Pipeline\{closure}()
#27 /usr/share/nginx/html/portal-seemedik-api/vendor/laravel/framework/src/Illuminate/Bus/Dispatcher.php(132): Illuminate\Pipeline\Pipeline->then()
#28 /usr/share/nginx/html/portal-seemedik-api/vendor/laravel/framework/src/Illuminate/Queue/CallQueuedHandler.php(123): Illuminate\Bus\Dispatcher->dispatchNow()
#29 /usr/share/nginx/html/portal-seemedik-api/vendor/laravel/framework/src/Illuminate/Queue/CallQueuedHandler.php(122): Illuminate\Pipeline\Pipeline->then()
#30 /usr/share/nginx/html/portal-seemedik-api/vendor/laravel/framework/src/Illuminate/Queue/CallQueuedHandler.php(70): Illuminate\Queue\CallQueuedHandler->dispatchThroughMiddleware()
#31 /usr/share/nginx/html/portal-seemedik-api/vendor/laravel/framework/src/Illuminate/Queue/Jobs/Job.php(98): Illuminate\Queue\CallQueuedHandler->call()
#32 /usr/share/nginx/html/portal-seemedik-api/vendor/laravel/framework/src/Illuminate/Queue/Worker.php(425): Illuminate\Queue\Jobs\Job->fire()
#33 /usr/share/nginx/html/portal-seemedik-api/vendor/laravel/framework/src/Illuminate/Queue/Worker.php(375): Illuminate\Queue\Worker->process()
#34 /usr/share/nginx/html/portal-seemedik-api/vendor/laravel/framework/src/Illuminate/Queue/Worker.php(173): Illuminate\Queue\Worker->runJob()
#35 /usr/share/nginx/html/portal-seemedik-api/vendor/laravel/framework/src/Illuminate/Queue/Console/WorkCommand.php(147): Illuminate\Queue\Worker->daemon()
#36 /usr/share/nginx/html/portal-seemedik-api/vendor/laravel/framework/src/Illuminate/Queue/Console/WorkCommand.php(130): Illuminate\Queue\Console\WorkCommand->runWorker()
#37 /usr/share/nginx/html/portal-seemedik-api/vendor/laravel/framework/src/Illuminate/Container/BoundMethod.php(36): Illuminate\Queue\Console\WorkCommand->handle()
#38 /usr/share/nginx/html/portal-seemedik-api/vendor/laravel/framework/src/Illuminate/Container/Util.php(41): Illuminate\Container\BoundMethod::Illuminate\Container\{closure}()
#39 /usr/share/nginx/html/portal-seemedik-api/vendor/laravel/framework/src/Illuminate/Container/BoundMethod.php(93): Illuminate\Container\Util::unwrapIfClosure()
#40 /usr/share/nginx/html/portal-seemedik-api/vendor/laravel/framework/src/Illuminate/Container/BoundMethod.php(35): Illuminate\Container\BoundMethod::callBoundMethod()
#41 /usr/share/nginx/html/portal-seemedik-api/vendor/laravel/framework/src/Illuminate/Container/Container.php(661): Illuminate\Container\BoundMethod::call()
#42 /usr/share/nginx/html/portal-seemedik-api/vendor/laravel/framework/src/Illuminate/Console/Command.php(183): Illuminate\Container\Container->call()
#43 /usr/share/nginx/html/portal-seemedik-api/vendor/symfony/console/Command/Command.php(326): Illuminate\Console\Command->execute()
#44 /usr/share/nginx/html/portal-seemedik-api/vendor/laravel/framework/src/Illuminate/Console/Command.php(152): Symfony\Component\Console\Command\Command->run()
#45 /usr/share/nginx/html/portal-seemedik-api/vendor/symfony/console/Application.php(1083): Illuminate\Console\Command->run()
#46 /usr/share/nginx/html/portal-seemedik-api/vendor/symfony/console/Application.php(324): Symfony\Component\Console\Application->doRunCommand()
#47 /usr/share/nginx/html/portal-seemedik-api/vendor/symfony/console/Application.php(175): Symfony\Component\Console\Application->doRun()
#48 /usr/share/nginx/html/portal-seemedik-api/vendor/laravel/framework/src/Illuminate/Console/Application.php(102): Symfony\Component\Console\Application->run()
#49 /usr/share/nginx/html/portal-seemedik-api/vendor/laravel/framework/src/Illuminate/Foundation/Console/Kernel.php(155): Illuminate\Console\Application->run()
#50 /usr/share/nginx/html/portal-seemedik-api/artisan(35): Illuminate\Foundation\Console\Kernel->handle()
#51 {main}  
[2026-09-21 11:20:10] production.ERROR: Undefined array key "patient_id" {"userId":12} {"exception":"[object] (ErrorException(code: 0): Undefined array key "patient_id" at /usr/share/nginx/html/portal-seemedik-api/app/Services/MedicalRecords/Mcu/McuResultService.php:212)
[stacktrace]
#0 /usr/share/nginx/html/portal-seemedik-api/app/Services/MedicalRecords/Mcu/McuResultService.php(212): Illuminate\Foundation\Bootstrap\HandleExceptions->handleError(2, 'Undefined arra...', '/usr/share/nginx/html/portal-seemedik-api/app/Services/MedicalRecords/Mcu/McuResultService.php', 212)
#1 /usr/share/nginx/html/portal-seemedik-api/app/Http/Controllers/Api/MedicalRecords/Mcu/McuResultController.php(41): App\Services\MedicalRecords\Mcu\McuResultService->buildResultPayload()
#2 /usr/share/nginx/html/portal-seemedik-api/vendor/laravel/framework/src/Illuminate/Routing/Controller.php(54): App\Http\Controllers\Api\MedicalRecords\Mcu\McuResultController->__invoke()
#3 /usr/share/nginx/html/portal-seemedik-api/vendor/laravel/framework/src/Illuminate/Routing/ControllerDispatcher.php(43): Illuminate\Routing\Controller->callAction()
#4 /usr/share/nginx/html/portal-seemedik-api/vendor/laravel/framework/src/Illuminate/Routing/Route.php(259): Illuminate\Routing\ControllerDispatcher->dispatch()
#5 /usr/share/nginx/html/portal-seemedik-api/vendor/laravel/framework/src/Illuminate/Routing/Route.php(205): Illuminate\Routing\Route->runController()
#6 /usr/share/nginx/html/portal-seemedik-api/vendor/laravel/framework/src/Illuminate/Routing/Router.php(798): Illuminate\Routing\Route->run()
#7 /usr/share/nginx/html/portal-seemedik-api/vendor/laravel/framework/src/Illuminate/Pipeline/Pipeline.php(141): Illuminate\Routing\Router->Illuminate\Routing\{closure}()
#8 /usr/share/nginx/html/portal-seemedik-api/app/Http/Middleware/PermissionMiddleware.php(36): Illuminate\Pipeline\Pipeline->Illuminate\Pipeline\{closure}()
#9 /usr/share/nginx/html/portal-seemedik-api/vendor/laravel/framework/src/Illuminate/Pipeline/Pipeline.php(180): App\Http\Middleware\PermissionMiddleware->handle()
#10 /usr/share/nginx/html/portal-seemedik-api/app/Http/Middleware/VerifyTokenMiddleware.php(97): Illuminate\Pipeline\Pipeline->Illuminate\Pipeline\{closure}()
#11 /usr/share/nginx/html/portal-seemedik-api/vendor/laravel/framework/src/Illuminate/Pipeline/Pipeline.php(180): App\Http\Middleware\VerifyTokenMiddleware->handle()
#12 /usr/share/nginx/html/portal-seemedik-api/vendor/laravel/framework/src/Illuminate/Routing/Middleware/SubstituteBindings.php(50): Illuminate\Pipeline\Pipeline->Illuminate\Pipeline\{closure}()
#13 /usr/share/nginx/html/portal-seemedik-api/vendor/laravel/framework/src/Illuminate/Pipeline/Pipeline.php(180): Illuminate\Routing\Middleware\SubstituteBindings->handle()
#14 /usr/share/nginx/html/portal-seemedik-api/vendor/laravel/framework/src/Illuminate/Pipeline/Pipeline.php(116): Illuminate\Pipeline\Pipeline->Illuminate\Pipeline\{closure}()
#15 /usr/share/nginx/html/portal-seemedik-api/vendor/laravel/framework/src/Illuminate/Routing/Router.php(797): Illuminate\Pipeline\Pipeline->then()
#16 /usr/share/nginx/html/portal-seemedik-api/vendor/laravel/framework/src/Illuminate/Routing/Router.php(776): Illuminate\Routing\Router->runRouteWithinStack()
#17 /usr/share/nginx/html/portal-seemedik-api/vendor/laravel/framework/src/Illuminate/Routing/Router.php(740): Illuminate\Routing\Router->runRoute()
#18 /usr/share/nginx/html/portal-seemedik-api/vendor/laravel/framework/src/Illuminate/Routing/Router.php(729): Illuminate\Routing\Router->dispatchToRoute()
#19 /usr/share/nginx/html/portal-seemedik-api/vendor/laravel/framework/src/Illuminate/Foundation/Http/Kernel.php(190): Illuminate\Routing\Router->dispatch()
#20 /usr/share/nginx/html/portal-seemedik-api/vendor/laravel/framework/src/Illuminate/Pipeline/Pipeline.php(141): Illuminate\Foundation\Http\Kernel->Illuminate\Foundation\Http\{closure}()
#21 /usr/share/nginx/html/portal-seemedik-api/vendor/laravel/framework/src/Illuminate/Foundation/Http/Middleware/TransformsRequest.php(21): Illuminate\Pipeline\Pipeline->Illuminate\Pipeline\{closure}()
#22 /usr/share/nginx/html/portal-seemedik-api/vendor/laravel/framework/src/Illuminate/Foundation/Http/Middleware/ConvertEmptyStringsToNull.php(31): Illuminate\Foundation\Http\Middleware\TransformsRequest->handle()
#23 /usr/share/nginx/html/portal-seemedik-api/vendor/laravel/framework/src/Illuminate/Pipeline/Pipeline.php(180): Illuminate\Foundation\Http\Middleware\ConvertEmptyStringsToNull->handle()
#24 /usr/share/nginx/html/portal-seemedik-api/vendor/laravel/framework/src/Illuminate/Foundation/Http/Middleware/TrimStrings.php(40): Illuminate\Foundation\Http\Middleware\TransformsRequest->handle()
#25 /usr/share/nginx/html/portal-seemedik-api/vendor/laravel/framework/src/Illuminate/Pipeline/Pipeline.php(180): Illuminate\Foundation\Http\Middleware\TrimStrings->handle()
#26 /usr/share/nginx/html/portal-seemedik-api/vendor/laravel/framework/src/Illuminate/Foundation/Http/Middleware/ValidatePostSize.php(27): Illuminate\Pipeline\Pipeline->Illuminate\Pipeline\{closure}()
#27 /usr/share/nginx/html/portal-seemedik-api/vendor/laravel/framework/src/Illuminate/Pipeline/Pipeline.php(180): Illuminate\Foundation\Http\Middleware\ValidatePostSize->handle()
#28 /usr/share/nginx/html/portal-seemedik-api/vendor/laravel/framework/src/Illuminate/Http/Middleware/HandleCors.php(62): Illuminate\Pipeline\Pipeline->Illuminate\Pipeline\{closure}()
#29 /usr/share/nginx/html/portal-seemedik-api/vendor/laravel/framework/src/Illuminate/Pipeline/Pipeline.php(180): Illuminate\Http\Middleware\HandleCors->handle()
#30 /usr/share/nginx/html/portal-seemedik-api/vendor/laravel/framework/src/Illuminate/Pipeline/Pipeline.php(116): Illuminate\Pipeline\Pipeline->Illuminate\Pipeline\{closure}()
#31 /usr/share/nginx/html/portal-seemedik-api/vendor/laravel/framework/src/Illuminate/Foundation/Http/Kernel.php(165): Illuminate\Pipeline\Pipeline->then()
#32 /usr/share/nginx/html/portal-seemedik-api/vendor/laravel/framework/src/Illuminate/Foundation/Http/Kernel.php(134): Illuminate\Foundation\Http\Kernel->sendRequestThroughRouter()
#33 /usr/share/nginx/html/portal-seemedik-api/public/index.php(51): Illuminate\Foundation\Http\Kernel->handle()
#34 {main}
"} 
[2026-09-21 11:30:00] production.WARNING: Slow query detected {"time":1523,"sql":"select * from registrations where id = ?"} []
[2026-09-21 11:31:00] production.INFO: Report generated {"user_id":1,"duration_ms":101} []
